[backblue.gif]
[fade.gif]
[index.html]
[rss/index.xml]
[sites/default/files/js/js_xAPl0qIk9eowy_iS9tNkCWXLUVoat94SQT48UBCFkyQ/index.js]
[sites/default/files/js/js_2sx5BUd_NvU8HZy4HUYXYrQJL4VlEMMt3GAtZr8CUKA/index.js]
[sites/default/files/Zoom/index.gif]
[sites/default/files/samleman_logo/index.gif]
[modules/file/icons/application-pdf/index.png]
[sites/default/files/blocks/entryform_2014/index.pdf]
[misc/feed/index.png]
[misc/arrow-asc/index.png]
[index/index.html]
[sites/default/files/css/css_pbm0lsQQJ7A7WCCIMgxLho6mI_kBNgznNUWmTWcnfoE/index.css]
[sites/default/files/css/css_ciIC6Y2alVNjyYsWsNREnYKDEw1vM_iXz5IZxNVMcjA/index.css]
[sites/default/files/css/css_WIs-eSNciKfOZGgSV9YxnYqgQAeicLZSeqdAt8JGfvA/index.css]
[sites/default/files/css/css_fF73_Jl4fAicPrnH8BVMiVeJV-Ie1G4Kr8x5iWNP7xw/index.css]
[sponsors/index.html]
[standings/index.html]
[misc/throbber/index.gif]
[misc/grippie/index.png]
[misc/draggable/index.png]
[results/index.html]
[about/index.html]
[misc/tree/index.png]
[misc/tree-bottom/index.png]
[misc/menu-expanded/index.png]
[misc/menu-collapsed/index.png]
[misc/menu-leaf/index.png]
[misc/message-24-ok/index.png]
[misc/message-24-warning/index.png]
[misc/message-24-error/index.png]
[misc/help/index.png]
[misc/progress/index.gif]
[sites/all/libraries/colorbox/example1/images/overlay/index.png]
[sites/all/libraries/colorbox/example1/images/controls/index.png]
[sites/all/libraries/colorbox/example1/images/border/index.png]
[sites/all/libraries/colorbox/example1/images/loading_background/index.png]
[sites/all/libraries/colorbox/example1/images/loading/index.gif]
[sites/all/libraries/colorbox/example1/images/ie6/borderTopLeft/index.png]
[sites/all/libraries/colorbox/example1/images/ie6/borderTopCenter/index.png]
[sites/all/libraries/colorbox/example1/images/ie6/borderTopRight/index.png]
[sites/all/libraries/colorbox/example1/images/ie6/borderBottomLeft/index.png]
[sites/all/libraries/colorbox/example1/images/ie6/borderBottomCenter/index.png]
[sites/all/libraries/colorbox/example1/images/ie6/borderBottomRight/index.png]
[sites/all/libraries/colorbox/example1/images/ie6/borderMiddleLeft/index.png]
[sites/all/libraries/colorbox/example1/images/ie6/borderMiddleRight/index.png]
[sites/all/modules/contrib/ctools/images/status-active/index.gif]
[sites/all/modules/contrib/jcarousel/skins/default/throbber/index.gif]
[sites/all/modules/contrib/jcarousel/skins/default/arrows/index.png]
[sites/all/themes/jackson/images/bq-tl/index.png]
[sites/all/themes/jackson/images/header-bg/index.gif]
[sites/all/themes/jackson/images/main-sprite/index.png]
[tournament/05-10-2014/7448/index.html]
[sites/all/themes/jackson/images/content-bg/index.gif]
[sites/all/themes/jackson/images/forum-row-bg/index.gif]
[sites/all/themes/jackson/images/commentadd/index.gif]
[sites/all/themes/jackson/images/comments/index.gif]
[sites/all/themes/jackson/images/commentedit/index.gif]
[sites/all/themes/jackson/images/commentdelete/index.gif]
[sites/all/themes/jackson/images/readmore/index.gif]
[sites/all/themes/jackson/images/user/index.gif]
[sites/all/themes/jackson/images/lock/index.gif]
[sites/all/themes/jackson/images/photo/index.gif]
[sites/all/themes/jackson/images/print/index.gif]
[sites/all/themes/everbloom-jackson/styles/throbber/index.gif]
[sites/all/themes/everbloom-jackson/styles/arrows/index.png]
[sites/default/files/js/js_YyOOPpr53HWM4lQPCPfZGhgSIPW_Ld8h0F-Winf1GK8/index.js]
[sites/default/files/images/Zoom/index.gif]
[sites/default/files/images/samleman_logo/index.gif]
[sites/default/files/images/vicious/index.gif]
[sites/default/files/images/strikeking/index.gif]
[sites/default/files/images/wired2fish/index.gif]
[sites/default/files/images/plano/index.gif]
[sites/default/files/images/tiiblakemore/index.gif]
[sites/default/files/images/RoyalPurple/index.gif]
[sites/default/files/images/Duckettfishing/index.jpg]
[tournament/04-12-2014/7399/index.html]
[tournament/09-14-2013/7370/index.html]
[tournament/08-31-2013/7343/index.html]
[sites/default/files/images/advantage/index.gif]
[sites/default/files/images/trutungsten/index.gif]
[tournament/08-10-2013/7317/index.html]
[tournament/07-27-2013/7290/index.html]
[tournament/06-22-2013/7264/index.html]
[sites/default/files/images/rapala/index.gif]
[sites/default/files/images/gemini/index.jpg]
[team/7414/index.html]
[team/7429/index.html]
[blog/2014-schedule/index.html]
[frontpage/index1.html]
[frontpage/index2.html]
[frontpage/index3.html]
[frontpage/index4.html]
[frontpage/index5.html]
[frontpage/index6.html]
[frontpage/index7.html]
[frontpage/index8.html]
[frontpage/index26.html]
[frontpage/index.html]
[frontpage/index-2.html]
[team/7442/index.html]
[team/7418/index.html]
[team/7400/index.html]
[team/7423/index.html]
[team/7406/index.html]
[team/7404/index.html]
[team/7412/index.html]
[team/7410/index.html]
[team/7433/index.html]
[team/7401/index.html]
[team/7436/index.html]
[team/7475/index.html]
[team/7425/index.html]
[team/7440/index.html]
[team/7446/index.html]
[team/7469/index.html]
[team/7427/index.html]
[team/7408/index.html]
[team/7431/index.html]
[team/7438/index.html]
[team/7416/index.html]
[team/7421/index.html]
[team/7444/index.html]
[standings/2014/index.html]
[standings/2013/index.html]
[standings/2012/index.html]
[standings/2011/index.html]
[standings/2010/index.html]
[standings/2009/index.html]
[standings/2008/index.html]
[standings/2007/index.html]
[standings/2006/index.html]
[standings/index/index.html]
[sites/all/themes/jackson/images/arrows-ffffff/index.html]
[sites/all/themes/jackson/images/add/index.html]
[sites/default/files/css/css_jqzAYkkymcmu9R6V3luE1SXWrmSs8hmkG7ZvK9P-Tjs/index.css]
[sites/default/files/styles/large/public/images/aes/index.html]
[sites/default/files/styles/large/public/images/parkway/index.html]
[results/team/index.html]
[results/tournament/2014/index.html]
[results/tournament/2013/index.html]
[results/tournament/2012/index.html]
[results/tournament/2011/index.html]
[results/tournament/2010/index.html]
[results/tournament/2009/index.html]
[results/tournament/2008/index.html]
[results/tournament/2007/index.html]
[results/tournament/2006/index.html]
[sites/default/files/css/css_cecD8m6FevfPBBEhdDwq12UkJOkqVqgLtKUeUqhFv5E/index.css]
[result/7463/index.html]
[result/7462/index.html]
[result/7467/index.html]
[result/7460/index.html]
[result/7455/index.html]
[result/7473/index.html]
[result/7451/index.html]
[result/7474/index.html]
[result/7450/index.html]
[result/7476/index.html]
[result/7452/index.html]
[result/7454/index.html]
[result/7461/index.html]
[result/7449/index.html]
[result/7465/index.html]
[result/7466/index.html]
[result/7468/index.html]
[result/7453/index.html]
[result/7470/index.html]
[result/7456/index.html]
[result/7457/index.html]
[result/7458/index.html]
[result/7459/index.html]
[result/7464/index.html]
[result/7434/index.html]
[result/7402/index.html]
[result/7405/index.html]
[result/7441/index.html]
[result/7411/index.html]
[result/7403/index.html]
[result/7437/index.html]
[result/7439/index.html]
[result/7407/index.html]
[result/7409/index.html]
[result/7443/index.html]
[result/7445/index.html]
[result/7413/index.html]
[result/7447/index.html]
[result/7415/index.html]
[result/7417/index.html]
[result/7419/index.html]
[result/7422/index.html]
[result/7424/index.html]
[result/7426/index.html]
[result/7428/index.html]
[result/7430/index.html]
[result/7432/index.html]
[result/7384/index.html]
[result/7377/index.html]
[result/7393/index.html]
[result/7375/index.html]
[result/7379/index.html]
[result/7397/index.html]
[result/7395/index.html]
[result/7394/index.html]
[result/7385/index.html]
[result/7386/index.html]
[rss/index-2.xml]
[result/7391/index.html]
[misc/arrow-desc/index.png]
[result/7380/index.html]
[rss/index-3.xml]
[result/7387/index.html]
[result/7396/index.html]
[result/7389/index.html]
[result/7390/index.html]
[result/7376/index.html]
[result/7382/index.html]
[result/7378/index.html]
[result/7381/index.html]
[result/7373/index.html]
[result/7388/index.html]
[result/7383/index.html]
[result/7374/index.html]
[result/7392/index.html]
[result/7360/index.html]
[result/7349/index.html]
[result/7367/index.html]
[result/7345/index.html]
[result/7347/index.html]
[result/7358/index.html]
[result/7365/index.html]
[result/7354/index.html]
[result/7346/index.html]
[result/7357/index.html]
[result/7355/index.html]
[result/7364/index.html]
[result/7353/index.html]
[result/7362/index.html]
[result/7348/index.html]
[result/7352/index.html]
[result/7369/index.html]
[result/7361/index.html]
[result/7344/index.html]
[result/7350/index.html]
[result/7368/index.html]
[result/7366/index.html]
[result/7363/index.html]
[result/7351/index.html]
[result/7359/index.html]
[result/7318/index.html]
[result/7325/index.html]
[result/7329/index.html]
[result/7334/index.html]
[result/7340/index.html]
[result/7333/index.html]
[result/7326/index.html]
[result/7331/index.html]
[result/7330/index.html]
[result/7338/index.html]
[result/7332/index.html]
[result/7339/index.html]
[result/7319/index.html]
[result/7321/index.html]
[result/7322/index.html]
[result/7335/index.html]
[result/7320/index.html]
[result/7336/index.html]
[result/7337/index.html]
[result/7323/index.html]
[result/7324/index.html]
[result/7341/index.html]
[result/7342/index.html]
[result/7327/index.html]
[result/7328/index.html]
[result/7306/index.html]
[result/7302/index.html]
[result/7292/index.html]
[result/7310/index.html]
[result/7297/index.html]
[result/7300/index.html]
[result/7296/index.html]
[result/7304/index.html]
[result/7313/index.html]
[result/7309/index.html]
[result/7315/index.html]
[result/7301/index.html]
[result/7303/index.html]
[result/7311/index.html]
[result/7294/index.html]
[result/7293/index.html]
[result/7295/index.html]
[result/7298/index.html]
[result/7307/index.html]
[result/7305/index.html]
[result/7312/index.html]
[result/7291/index.html]
[result/7314/index.html]
[result/7299/index.html]
[result/7316/index.html]
[result/7273/index.html]
[result/7271/index.html]
[result/7277/index.html]
[result/7278/index.html]
[result/7274/index.html]
[result/7269/index.html]
[result/7267/index.html]
[result/7280/index.html]
[result/7270/index.html]
[result/7286/index.html]
[result/7287/index.html]
[result/7281/index.html]
[result/7268/index.html]
[result/7285/index.html]
[result/7275/index.html]
[result/7265/index.html]
[result/7289/index.html]
[result/7284/index.html]
[result/7282/index.html]
[result/7279/index.html]
[result/7266/index.html]
[result/7283/index.html]
[result/7272/index.html]
[result/7288/index.html]
[result/7276/index.html]
[tournament/06-08-2013/7235/index.html]
[tournament/05-25-2013/7207/index.html]
[frontpage/index-3.html]
[frontpage/index1-2.html]
[frontpage/index1-3.html]
[tournament/05-11-2013/7180/index.html]
[tournament/04-13-2013/7119/index.html]
[blog/schedule-2013/index.html]
[tournament/09-15-2012/6986/index.html]
[blog/important-news/index.html]
[frontpage/index2-2.html]
[frontpage/index2-3.html]
[tournament/08-25-2012/6985/index.html]
[tournament/08-11-2012/6984/index.html]
[tournament/07-28-2012/6983/index.html]
[tournament/06-23-2012/6982/index.html]
[tournament/06-09-2012/6981/index.html]
[frontpage/index3-2.html]
[frontpage/index3-3.html]
[tournament/05-26-2012/6948/index.html]
[tournament/05-12-2012/6921/index.html]
[tournament/04-14-2012/6892/index.html]
[blog/just-around-corner/index.html]
[blog/2012-schedule/index.html]
[frontpage/index4-2.html]
[frontpage/index4-3.html]
[tournament/09-17-2011/6830/index.html]
[tournament/08-27-2011/6804/index.html]
[tournament/08-13-2011/6785/index.html]
[tournament/07-30-2011/6760/index.html]
[tournament/06-25-2011/6739/index.html]
[frontpage/index9.html]
[frontpage/index5-2.html]
[frontpage/index5-3.html]
[tournament/06-11-2011/6718/index.html]
[tournament/05-28-2011/6696/index.html]
[tournament/05-14-2011/6667/index.html]
[tournament/04-16-2011/6609/index.html]
[blog/2011-ever-bloom-tournament-trail-schedule/index.html]
[frontpage/index10.html]
[frontpage/index6-2.html]
[frontpage/index6-3.html]
[tournament/08-28-2010/6568/index.html]
[tournament/08-14-2010/6553/index.html]
[tournament/07-17-2010/6534/index.html]
[tournament/06-26-2010/6512/index.html]
[tournament/06-12-2010/6491/index.html]
[frontpage/index11.html]
[frontpage/index7-2.html]
[frontpage/index7-3.html]
[tournament/05-29-2010/6469/index.html]
[tournament/05-15-2010/6435/index.html]
[tournament/04-17-2010/6384/index.html]
[blog/official-2010-schedule/index.html]
[tournament/09-19-2009/6148/index.html]
[frontpage/index12.html]
[frontpage/index8-2.html]
[frontpage/index8-3.html]
[result/615/index.html]
[team/586/index.html]
[fisherman/jerry-martoglio/index.html]
[fisherman/steve-anderson/index.html]
[tournament/05-12-2007/502/index.html]
[frontpage/index25.html]
[frontpage/index18.html]
[frontpage/index19.html]
[frontpage/index20.html]
[frontpage/index21.html]
[frontpage/index22.html]
[frontpage/index23.html]
[frontpage/index24.html]
[frontpage/index26-2.html]
[frontpage/index26-3.html]
[frontpage/index-4.html]
[frontpage/index-5.html]
[standings/2014/index-2.html]
[standings/2014/index-3.html]
[standings/2013/index-2.html]
[standings/2013/index-3.html]
[team/7122/index.html]
[team/7144/index.html]
[team/7125/index.html]
[team/7143/index.html]
[team/7132/index.html]
[team/7138/index.html]
[team/7137/index.html]
[team/7126/index.html]
[team/7140/index.html]
[team/7123/index.html]
[team/7120/index.html]
[team/7130/index.html]
[team/7121/index.html]
[team/7127/index.html]
[team/7139/index.html]
[team/7142/index.html]
[team/7133/index.html]
[team/7134/index.html]
[team/7129/index.html]
[team/7136/index.html]
[team/7124/index.html]
[team/7204/index.html]
[team/7135/index.html]
[team/7131/index.html]
[team/7141/index.html]
[team/7261/index.html]
[team/7233/index.html]
[team/7260/index.html]
[team/7128/index.html]
[standings/2012/index-2.html]
[standings/2012/index-3.html]
[team/6861/index.html]
[team/6859/index.html]
[team/6880/index.html]
[team/6882/index.html]
[team/6869/index.html]
[team/6866/index.html]
[team/6863/index.html]
[team/6873/index.html]
[team/6867/index.html]
[team/6862/index.html]
[team/6870/index.html]
[team/6877/index.html]
[team/6864/index.html]
[team/6868/index.html]
[team/6881/index.html]
[team/6865/index.html]
[team/6860/index.html]
[team/6875/index.html]
[team/6955/index.html]
[team/6874/index.html]
[team/6879/index.html]
[team/6871/index.html]
[team/6923/index.html]
[team/6878/index.html]
[team/7053/index.html]
[team/6953/index.html]
[team/6872/index.html]
[team/6883/index.html]
[team/6922/index.html]
[team/6876/index.html]
[team/6954/index.html]
[node/7007/index.html]
[standings/2011/index-2.html]
[standings/2011/index-3.html]
[team/6626/index.html]
[team/6624/index.html]
[team/6640/index.html]
[team/6610/index.html]
[team/6636/index.html]
[team/6625/index.html]
[team/6628/index.html]
[team/6630/index.html]
[team/6611/index.html]
[team/6623/index.html]
[team/6633/index.html]
[team/6639/index.html]
[team/6621/index.html]
[team/6612/index.html]
[team/6627/index.html]
[team/6643/index.html]
[team/6635/index.html]
[team/6622/index.html]
[team/6733/index.html]
[team/6620/index.html]
[team/6642/index.html]
[team/6678/index.html]
[team/6634/index.html]
[team/6613/index.html]
[team/6679/index.html]
[team/6826/index.html]
[team/6773/index.html]
[team/6825/index.html]
[team/6618/index.html]
[standings/2010/index-2.html]
[standings/2010/index-3.html]
[team/6440/index.html]
[team/6395/index.html]
[team/6385/index.html]
[team/6438/index.html]
[team/6432/index.html]
[team/6425/index.html]
[team/6393/index.html]
[team/6408/index.html]
[team/6387/index.html]
[team/6391/index.html]
[team/6410/index.html]
[team/6401/index.html]
[team/6403/index.html]
[team/6441/index.html]
[team/6418/index.html]
[team/6423/index.html]
[team/6405/index.html]
[team/6416/index.html]
[team/6389/index.html]
[team/6430/index.html]
[team/6528/index.html]
[team/6437/index.html]
[team/6470/index.html]
[team/6397/index.html]
[team/6529/index.html]
[team/6420/index.html]
[team/6412/index.html]
[standings/2009/index-2.html]
[standings/2009/index-3.html]
[team/6151/index.html]
[team/6176/index.html]
[team/6155/index.html]
[team/6178/index.html]
[team/6169/index.html]
[team/6167/index.html]
[team/6180/index.html]
[team/6171/index.html]
[team/6197/index.html]
[team/6173/index.html]
[team/6159/index.html]
[team/6157/index.html]
[team/6184/index.html]
[team/6182/index.html]
[team/6186/index.html]
[team/6195/index.html]
[team/6162/index.html]
[team/6277/index.html]
[team/6196/index.html]
[team/6330/index.html]
[team/6280/index.html]
[team/6297/index.html]
[team/6331/index.html]
[team/6332/index.html]
[team/6164/index.html]
[team/6189/index.html]
[standings/2008/index-2.html]
[standings/2008/index-3.html]
[team/5863/index.html]
[team/5862/index.html]
[team/5883/index.html]
[team/5873/index.html]
[team/5877/index.html]
[team/5884/index.html]
[team/5871/index.html]
[team/5870/index.html]
[team/5864/index.html]
[team/5869/index.html]
[team/5874/index.html]
[team/5886/index.html]
[team/5876/index.html]
[team/5881/index.html]
[team/5882/index.html]
[team/5880/index.html]
[team/5885/index.html]
[team/5875/index.html]
[team/5866/index.html]
[team/5872/index.html]
[team/5878/index.html]
[team/5879/index.html]
[team/5964/index.html]
[team/5865/index.html]
[team/5921/index.html]
[team/5867/index.html]
[team/5970/index.html]
[team/6013/index.html]
[team/5961/index.html]
[team/6012/index.html]
[team/6014/index.html]
[standings/2007/index-2.html]
[standings/2007/index-3.html]
[team/585/index.html]
[team/604/index.html]
[team/612/index.html]
[team/600/index.html]
[team/591/index.html]
[team/577/index.html]
[team/598/index.html]
[team/597/index.html]
[team/590/index.html]
[team/581/index.html]
[team/599/index.html]
[team/580/index.html]
[team/578/index.html]
[team/594/index.html]
[team/609/index.html]
[team/692/index.html]
[team/592/index.html]
[team/667/index.html]
[team/593/index.html]
[team/595/index.html]
[team/610/index.html]
[team/602/index.html]
[team/588/index.html]
[team/603/index.html]
[team/674/index.html]
[team/613/index.html]
[team/695/index.html]
[team/718/index.html]
[standings/2006/index-2.html]
[standings/2006/index-3.html]
[team/265/index.html]
[team/248/index.html]
[team/261/index.html]
[team/264/index.html]
[team/259/index.html]
[team/258/index.html]
[team/256/index.html]
[team/252/index.html]
[team/263/index.html]
[team/267/index.html]
[team/270/index.html]
[team/247/index.html]
[team/255/index.html]
[team/260/index.html]
[team/391/index.html]
[team/268/index.html]
[team/364/index.html]
[team/250/index.html]
[team/257/index.html]
[team/249/index.html]
[team/251/index.html]
[team/297/index.html]
[team/294/index.html]
[team/323/index.html]
[team/253/index.html]
[team/295/index.html]
[team/321/index.html]
[team/266/index.html]
[team/344/index.html]
[team/269/index.html]
[team/421/index.html]
[results/team/2014/index.html]
[results/team/2013/index.html]
[results/team/2012/index.html]
[results/team/2011/index.html]
[results/team/2010/index.html]
[results/team/2009/index.html]
[results/team/2008/index.html]
[results/team/2007/index.html]
[results/team/2006/index.html]
[results/tournament/index.html]
[results/tournament/2014/2014-04-12/index.html]
[results/tournament/2014/2014-05-10/index.html]
[results/tournament/2013/2013-04-13/index.html]
[results/tournament/2013/2013-05-11/index.html]
[results/tournament/2013/2013-05-25/index.html]
[results/tournament/2013/2013-06-08/index.html]
[results/tournament/2013/2013-06-22/index.html]
[results/tournament/2013/2013-07-27/index.html]
[results/tournament/2013/2013-08-10/index.html]
[results/tournament/2013/2013-08-31/index.html]
[results/tournament/2013/2013-09-14/index.html]
[results/tournament/2012/2012-04-14/index.html]
[results/tournament/2012/2012-05-12/index.html]
[results/tournament/2012/2012-05-26/index.html]
[results/tournament/2012/2012-06-09/index.html]
[results/tournament/2012/2012-06-23/index.html]
[results/tournament/2012/2012-07-28/index.html]
[results/tournament/2012/2012-08-11/index.html]
[results/tournament/2012/2012-08-25/index.html]
[results/tournament/2012/2012-09-15/index.html]
[results/tournament/2011/2011-04-16/index.html]
[results/tournament/2011/2011-05-14/index.html]
[results/tournament/2011/2011-05-28/index.html]
[results/tournament/2011/2011-06-11/index.html]
[results/tournament/2011/2011-06-25/index.html]
[results/tournament/2011/2011-07-30/index.html]
[results/tournament/2011/2011-08-13/index.html]
[results/tournament/2011/2011-08-27/index.html]
[results/tournament/2011/2011-09-17/index.html]
[results/tournament/2010/2010-04-17/index.html]
[results/tournament/2010/2010-05-15/index.html]
[results/tournament/2010/2010-05-29/index.html]
[results/tournament/2010/2010-06-12/index.html]
[results/tournament/2010/2010-06-26/index.html]
[results/tournament/2010/2010-07-17/index.html]
[results/tournament/2010/2010-08-14/index.html]
[results/tournament/2010/2010-08-28/index.html]
[results/tournament/2010/2010-09-18/index.html]
[results/tournament/2009/2009-04-18/index.html]
[results/tournament/2009/2009-05-16/index.html]
[results/tournament/2009/2009-05-30/index.html]
[results/tournament/2009/2009-06-13/index.html]
[results/tournament/2009/2009-06-27/index.html]
[results/tournament/2009/2009-07-25/index.html]
[results/tournament/2009/2009-08-15/index.html]
[results/tournament/2009/2009-08-29/index.html]
[results/tournament/2009/2009-09-19/index.html]
[results/tournament/2008/2008-04-26/index.html]
[results/tournament/2008/2008-05-10/index.html]
[results/tournament/2008/2008-05-24/index.html]
[results/tournament/2008/2008-06-28/index.html]
[results/tournament/2008/2008-07-26/index.html]
[results/tournament/2008/2008-08-16/index.html]
[results/tournament/2008/2008-08-30/index.html]
[results/tournament/2008/2008-10-04/index.html]
[results/tournament/2007/2007-05-12/index.html]
[results/tournament/2007/2007-05-26/index.html]
[results/tournament/2007/2007-06-16/index.html]
[results/tournament/2007/2007-06-30/index.html]
[results/tournament/2007/2007-07-21/index.html]
[results/tournament/2007/2007-08-25/index.html]
[results/tournament/2007/2007-09-22/index.html]
[results/tournament/2006/2006-04-29/index.html]
[results/tournament/2006/2006-05-13/index.html]
[results/tournament/2006/2006-05-27/index.html]
[results/tournament/2006/2006-06-03/index.html]
[results/tournament/2006/2006-06-24/index.html]
[results/tournament/2006/2006-07-22/index.html]
[results/tournament/2006/2006-08-19/index.html]
[results/tournament/2006/2006-10-30/index.html]
[fisherman/brian-bounds/index.html]
[fisherman/chuck-fry/index.html]
[fisherman/randy-hakes/index.html]
[fisherman/rob-hakes/index.html]
[fisherman/larry-russell/index.html]
[fisherman/mike-campbell/index.html]
[fisherman/dave-woodward/index.html]
[fisherman/dave-whalen/index.html]
[fisherman/michael-mcdowell/index.html]
[fisherman/sam-wheeler/index.html]
[fisherman/ryan-robinson/index.html]
[fisherman/adam-stark/index.html]
[fisherman/loren-peters/index.html]
[fisherman/randy-ferguson/index.html]
[fisherman/brad-norris/index.html]
[fisherman/jamie-maisenbacher/index.html]
[fisherman/art-griggs/index.html]
[fisherman/keith-bayor/index.html]
[fisherman/scott-schweter/index.html]
[fisherman/travis-pruvost/index.html]
[fisherman/aaron-therien/index.html]
[fisherman/mike-therien/index.html]
[fisherman/mike-barton/index.html]
[fisherman/drew-martin/index.html]
[fisherman/dave-norris/index.html]
[fisherman/greg-bayles/index.html]
[fisherman/terry-brown/index.html]
[fisherman/mike-blake/index.html]
[fisherman/butch-ridgeway/index.html]
[fisherman/larry-hagar/index.html]
[fisherman/fred-myers/index.html]
[fisherman/clay-reeves/index.html]
[fisherman/ron-long/index.html]
[fisherman/alan-devine/index.html]
[fisherman/steve-volz/index.html]
[fisherman/rick-hoepner/index.html]
[fisherman/jimmy-fry/index.html]
[fisherman/justin-fry/index.html]
[fisherman/aj-bailey/index.html]
[fisherman/scott-bree/index.html]
[fisherman/pat-welch/index.html]
[fisherman/rod-wallace/index.html]
[fisherman/phillip-wood/index.html]
[fisherman/chase-myers/index.html]
[fisherman/joe-snyder/index.html]
[fisherman/matt-rice/index.html]
[fisherman/rick-mcmahon/index.html]
[fisherman/doug-gerig/index.html]
[fisherman/andy-wegner/index.html]
[fisherman/dusty-whitaker/index.html]
[fisherman/jon-hodge/index.html]
[fisherman/eric-sharrow/index.html]
[fisherman/dave-schneider/index.html]
[fisherman/john-miller/index.html]
[fisherman/robert-sadler/index.html]
[fisherman/keith-ringger/index.html]
[fisherman/kourtney-funk/index.html]
[fisherman/bryce-wegman/index.html]
[fisherman/justin-schick/index.html]
[fisherman/ken-petersen/index.html]
[fisherman/tom-anderson/index.html]
[fisherman/keith-bahler/index.html]
[fisherman/hunter-ferguson/index.html]
[fisherman/dustin-whalen/index.html]
[fisherman/eric-hallin/index.html]
[fisherman/chris-woith/index.html]
[fisherman/eric-petersen/index.html]
[fisherman/roger-hagar/index.html]
[fisherman/steve-tatum/index.html]
[fisherman/kevin-therien/index.html]
[fisherman/randy-miller/index.html]
[result/7256/index.html]
[result/7238/index.html]
[result/7253/index.html]
[result/7241/index.html]
[result/7236/index.html]
[result/7249/index.html]
[result/7255/index.html]
[result/7247/index.html]
[result/7259/index.html]
[result/7248/index.html]
[result/7250/index.html]
[result/7242/index.html]
[result/7254/index.html]
[result/7252/index.html]
[result/7237/index.html]
[result/7239/index.html]
[result/7240/index.html]
[result/7257/index.html]
[result/7258/index.html]
[result/7243/index.html]
[result/7262/index.html]
[result/7244/index.html]
[result/7263/index.html]
[result/7245/index.html]
[result/7246/index.html]
[result/7251/index.html]
[result/7229/index.html]
[result/7219/index.html]
[result/7210/index.html]
[result/7213/index.html]
[result/7216/index.html]
[result/7221/index.html]
[result/7227/index.html]
[result/7222/index.html]
[result/7223/index.html]
[result/7226/index.html]
[result/7224/index.html]
[result/7217/index.html]
[result/7209/index.html]
[result/7212/index.html]
[result/7208/index.html]
[result/7225/index.html]
[result/7211/index.html]
[result/7228/index.html]
[result/7214/index.html]
[result/7231/index.html]
[result/7215/index.html]
[result/7232/index.html]
[result/7234/index.html]
[result/7218/index.html]
[rss/index-4.xml]
[rss/index-5.xml]
[result/7220/index.html]
[frontpage/index1-4.html]
[frontpage/index1-5.html]
[result/7203/index.html]
[result/7202/index.html]
[result/7192/index.html]
[result/7196/index.html]
[result/7199/index.html]
[result/7200/index.html]
[result/7183/index.html]
[result/7186/index.html]
[result/7191/index.html]
[result/7206/index.html]
[result/7195/index.html]
[result/7181/index.html]
[result/7197/index.html]
[result/7182/index.html]
[result/7198/index.html]
[result/7184/index.html]
[result/7185/index.html]
[result/7201/index.html]
[result/7187/index.html]
[result/7188/index.html]
[result/7205/index.html]
[result/7189/index.html]
[result/7190/index.html]
[result/7193/index.html]
[result/7194/index.html]
[result/7166/index.html]
[result/7177/index.html]
[result/7145/index.html]
[result/7173/index.html]
[result/7150/index.html]
[result/7163/index.html]
[result/7146/index.html]
[result/7162/index.html]
[result/7168/index.html]
[result/7170/index.html]
[result/7147/index.html]
[result/7171/index.html]
[result/7149/index.html]
[result/7172/index.html]
[result/7151/index.html]
[result/7174/index.html]
[result/7152/index.html]
[result/7175/index.html]
[result/7153/index.html]
[result/7154/index.html]
[result/7179/index.html]
[result/7156/index.html]
[result/7157/index.html]
[result/7159/index.html]
[result/7167/index.html]
[result/7108/index.html]
[result/7101/index.html]
[result/7098/index.html]
[result/7113/index.html]
[result/7096/index.html]
[result/7115/index.html]
[result/7112/index.html]
[result/7103/index.html]
[result/7114/index.html]
[result/7109/index.html]
[result/7116/index.html]
[result/7102/index.html]
[result/7104/index.html]
[result/7099/index.html]
[result/7110/index.html]
[result/7105/index.html]
[result/7097/index.html]
[result/7100/index.html]
[result/7117/index.html]
[result/7111/index.html]
[result/7106/index.html]
[result/7107/index.html]
[frontpage/index2-4.html]
[frontpage/index2-5.html]
[result/7092/index.html]
[result/7083/index.html]
[result/7088/index.html]
[result/7079/index.html]
[result/7091/index.html]
[result/7089/index.html]
[result/7086/index.html]
[result/7090/index.html]
[result/7080/index.html]
[result/7085/index.html]
[result/7093/index.html]
[result/7095/index.html]
[result/7087/index.html]
[result/7084/index.html]
[result/7077/index.html]
[result/7078/index.html]
[result/7094/index.html]
[result/7081/index.html]
[result/7082/index.html]
[result/7058/index.html]
[result/7055/index.html]
[result/7060/index.html]
[result/7075/index.html]
[result/7065/index.html]
[result/7059/index.html]
[result/7073/index.html]
[result/7057/index.html]
[result/7067/index.html]
[result/7064/index.html]
[result/7071/index.html]
[result/7072/index.html]
[result/7061/index.html]
[result/7056/index.html]
[result/7074/index.html]
[result/7066/index.html]
[result/7069/index.html]
[result/7068/index.html]
[result/7062/index.html]
[result/7063/index.html]
[result/7070/index.html]
[result/7045/index.html]
[result/7036/index.html]
[result/7044/index.html]
[result/7047/index.html]
[result/7039/index.html]
[result/7049/index.html]
[result/7054/index.html]
[result/7034/index.html]
[result/7033/index.html]
[result/7035/index.html]
[result/7043/index.html]
[result/7046/index.html]
[result/7048/index.html]
[result/7037/index.html]
[result/7050/index.html]
[result/7038/index.html]
[result/7040/index.html]
[result/7041/index.html]
[result/7042/index.html]
[result/7017/index.html]
[result/7023/index.html]
[result/7024/index.html]
[result/7011/index.html]
[result/7022/index.html]
[result/7019/index.html]
[result/7031/index.html]
[result/7028/index.html]
[result/7021/index.html]
[result/7020/index.html]
[result/7025/index.html]
[result/7032/index.html]
[result/7014/index.html]
[result/7013/index.html]
[result/7026/index.html]
[result/7027/index.html]
[result/7015/index.html]
[result/7012/index.html]
[result/7029/index.html]
[result/7030/index.html]
[result/7016/index.html]
[result/7018/index.html]
[result/6990/index.html]
[result/7005/index.html]
[result/6988/index.html]
[result/7001/index.html]
[result/7006/index.html]
[result/6996/index.html]
[result/6991/index.html]
[result/7000/index.html]
[result/7010/index.html]
[result/6998/index.html]
[result/6999/index.html]
[result/7002/index.html]
[result/6994/index.html]
[result/6993/index.html]
[result/6995/index.html]
[result/7004/index.html]
[result/7003/index.html]
[result/6989/index.html]
[result/7009/index.html]
[result/6992/index.html]
[result/6997/index.html]
[frontpage/index3-4.html]
[frontpage/index3-5.html]
[result/6966/index.html]
[result/6975/index.html]
[result/6956/index.html]
[result/6961/index.html]
[result/6970/index.html]
[result/6977/index.html]
[result/6958/index.html]
[result/6978/index.html]
[result/6980/index.html]
[result/6959/index.html]
[result/6969/index.html]
[result/6957/index.html]
[result/6973/index.html]
[result/6972/index.html]
[result/6962/index.html]
[result/6964/index.html]
[result/6960/index.html]
[result/6965/index.html]
[result/6968/index.html]
[result/6963/index.html]
[result/6967/index.html]
[result/6974/index.html]
[result/6976/index.html]
[result/6979/index.html]
[result/6971/index.html]
[result/6935/index.html]
[result/6924/index.html]
[result/6930/index.html]
[result/6927/index.html]
[result/6926/index.html]
[result/6938/index.html]
[result/6947/index.html]
[result/6936/index.html]
[result/6941/index.html]
[result/6942/index.html]
[result/6933/index.html]
[result/6940/index.html]
[result/6946/index.html]
[result/6925/index.html]
[result/6943/index.html]
[result/6928/index.html]
[result/6945/index.html]
[result/6929/index.html]
[result/6931/index.html]
[result/6932/index.html]
[result/6934/index.html]
[result/6937/index.html]
[result/6939/index.html]
[result/6903/index.html]
[result/6907/index.html]
[result/6901/index.html]
[result/6904/index.html]
[result/6914/index.html]
[result/6902/index.html]
[result/6897/index.html]
[result/6913/index.html]
[result/6895/index.html]
[result/6912/index.html]
[result/6898/index.html]
[result/6911/index.html]
[result/6915/index.html]
[result/6916/index.html]
[result/6908/index.html]
[result/6893/index.html]
[result/6909/index.html]
[result/6896/index.html]
[result/6899/index.html]
[result/6894/index.html]
[result/6910/index.html]
[result/6900/index.html]
[result/6917/index.html]
[result/6905/index.html]
[result/6906/index.html]
[frontpage/index4-4.html]
[frontpage/index4-5.html]
[result/6852/index.html]
[result/6831/index.html]
[result/6839/index.html]
[result/6833/index.html]
[result/6835/index.html]
[result/6844/index.html]
[result/6843/index.html]
[result/6838/index.html]
[result/6848/index.html]
[result/6849/index.html]
[result/6832/index.html]
[result/6851/index.html]
[result/6850/index.html]
[result/6836/index.html]
[result/6842/index.html]
[result/6841/index.html]
[result/6840/index.html]
[result/6846/index.html]
[result/6837/index.html]
[result/6834/index.html]
[result/6845/index.html]
[result/6810/index.html]
[result/6809/index.html]
[result/6811/index.html]
[result/6818/index.html]
[result/6821/index.html]
[result/6805/index.html]
[result/6816/index.html]
[result/6815/index.html]
[result/6817/index.html]
[result/6820/index.html]
[result/6812/index.html]
[result/6822/index.html]
[result/6823/index.html]
[result/6814/index.html]
[result/6808/index.html]
[result/6828/index.html]
[result/6806/index.html]
[result/6807/index.html]
[result/6827/index.html]
[result/6829/index.html]
[result/6813/index.html]
[result/6819/index.html]
[result/6789/index.html]
[result/6795/index.html]
[result/6791/index.html]
[result/6798/index.html]
[result/6790/index.html]
[result/6801/index.html]
[result/6786/index.html]
[result/6792/index.html]
[result/6794/index.html]
[result/6800/index.html]
[result/6788/index.html]
[result/6803/index.html]
[result/6787/index.html]
[result/6799/index.html]
[result/6796/index.html]
[result/6802/index.html]
[result/6793/index.html]
[result/6761/index.html]
[result/6770/index.html]
[result/6763/index.html]
[result/6777/index.html]
[result/6772/index.html]
[result/6783/index.html]
[result/6768/index.html]
[result/6765/index.html]
[result/6778/index.html]
[result/6780/index.html]
[result/6762/index.html]
[result/6784/index.html]
[result/6764/index.html]
[result/6771/index.html]
[result/6767/index.html]
[result/6769/index.html]
[result/6779/index.html]
[result/6782/index.html]
[result/6766/index.html]
[result/6774/index.html]
[result/6776/index.html]
[result/6745/index.html]
[result/6742/index.html]
[result/6756/index.html]
[result/6743/index.html]
[result/6758/index.html]
[result/6741/index.html]
[result/6755/index.html]
[result/6749/index.html]
[result/6746/index.html]
[result/6744/index.html]
[result/6752/index.html]
[result/6750/index.html]
[result/6751/index.html]
[result/6754/index.html]
[result/6747/index.html]
[result/6740/index.html]
[result/6757/index.html]
[result/6759/index.html]
[result/6748/index.html]
[tournament/08-29-2009/6147/index.html]
[tournament/08-15-2009/6146/index.html]
[tournament/07-25-2009/6145/index.html]
[tournament/06-27-2009/6144/index.html]
[tournament/06-13-2009/6143/index.html]
[frontpage/index13.html]
[frontpage/index9-2.html]
[frontpage/index9-3.html]
[frontpage/index5-4.html]
[frontpage/index5-5.html]
[result/6722/index.html]
[result/6721/index.html]
[result/6724/index.html]
[result/6738/index.html]
[result/6720/index.html]
[result/6731/index.html]
[result/6735/index.html]
[result/6728/index.html]
[result/6723/index.html]
[result/6736/index.html]
[result/6727/index.html]
[result/6719/index.html]
[result/6726/index.html]
[result/6725/index.html]
[result/6732/index.html]
[result/6737/index.html]
[result/6734/index.html]
[result/6730/index.html]
[result/6700/index.html]
[result/6703/index.html]
[result/6698/index.html]
[result/6712/index.html]
[result/6713/index.html]
[result/6705/index.html]
[result/6711/index.html]
[result/6714/index.html]
[result/6697/index.html]
[result/6709/index.html]
[result/6710/index.html]
[result/6717/index.html]
[result/6716/index.html]
[result/6702/index.html]
[result/6715/index.html]
[result/6699/index.html]
[result/6701/index.html]
[result/6704/index.html]
[result/6706/index.html]
[result/6707/index.html]
[result/6708/index.html]
[result/6695/index.html]
[result/6669/index.html]
[result/6668/index.html]
[result/6687/index.html]
[result/6680/index.html]
[result/6677/index.html]
[result/6689/index.html]
[result/6682/index.html]
[result/6676/index.html]
[result/6694/index.html]
[result/6670/index.html]
[result/6675/index.html]
[result/6674/index.html]
[result/6685/index.html]
[result/6683/index.html]
[result/6686/index.html]
[result/6688/index.html]
[result/6671/index.html]
[result/6690/index.html]
[result/6672/index.html]
[result/6692/index.html]
[result/6673/index.html]
[result/6684/index.html]
[result/6657/index.html]
[result/6652/index.html]
[result/6644/index.html]
[result/6649/index.html]
[result/6661/index.html]
[result/6651/index.html]
[result/6654/index.html]
[result/6665/index.html]
[result/6656/index.html]
[result/6646/index.html]
[result/6659/index.html]
[result/6660/index.html]
[result/6645/index.html]
[result/6662/index.html]
[result/6647/index.html]
[result/6663/index.html]
[result/6648/index.html]
[result/6664/index.html]
[result/6650/index.html]
[result/6666/index.html]
[result/6653/index.html]
[result/6655/index.html]
[result/6658/index.html]
[tournament/05-30-2009/6142/index.html]
[tournament/05-16-2009/6141/index.html]
[tournament/04-18-2009/6140/index.html]
[blog/tournament-life/index.html]
[blog/illinois-natural-history-survey/index.html]
[frontpage/index14.html]
[frontpage/index10-2.html]
[frontpage/index10-3.html]
[frontpage/index6-4.html]
[frontpage/index6-5.html]
[result/6574/index.html]
[result/6580/index.html]
[result/6571/index.html]
[result/6575/index.html]
[result/6570/index.html]
[result/6583/index.html]
[result/6579/index.html]
[result/6578/index.html]
[result/6585/index.html]
[result/6584/index.html]
[result/6573/index.html]
[result/6576/index.html]
[result/6569/index.html]
[result/6572/index.html]
[result/6577/index.html]
[result/6581/index.html]
[result/6564/index.html]
[result/6562/index.html]
[result/6561/index.html]
[result/6560/index.html]
[result/6566/index.html]
[result/6555/index.html]
[result/6565/index.html]
[result/6556/index.html]
[result/6554/index.html]
[result/6558/index.html]
[result/6559/index.html]
[result/6557/index.html]
[result/6563/index.html]
[result/6541/index.html]
[result/6542/index.html]
[result/6538/index.html]
[result/6547/index.html]
[result/6536/index.html]
[result/6543/index.html]
[result/6550/index.html]
[result/6540/index.html]
[result/6548/index.html]
[result/6551/index.html]
[result/6544/index.html]
[result/6552/index.html]
[result/6545/index.html]
[result/6546/index.html]
[result/6539/index.html]
[result/6535/index.html]
[result/6537/index.html]
[result/6549/index.html]
[result/6515/index.html]
[result/6524/index.html]
[result/6523/index.html]
[result/6525/index.html]
[result/6522/index.html]
[result/6514/index.html]
[result/6530/index.html]
[result/6513/index.html]
[result/6526/index.html]
[result/6517/index.html]
[result/6521/index.html]
[result/6518/index.html]
[result/6527/index.html]
[result/6531/index.html]
[result/6519/index.html]
[result/6516/index.html]
[result/6520/index.html]
[result/6493/index.html]
[result/6499/index.html]
[result/6492/index.html]
[result/6507/index.html]
[result/6494/index.html]
[result/6502/index.html]
[result/6509/index.html]
[result/6495/index.html]
[result/6506/index.html]
[result/6505/index.html]
[result/6511/index.html]
[result/6504/index.html]
[result/6496/index.html]
[result/6508/index.html]
[result/6497/index.html]
[result/6501/index.html]
[result/6503/index.html]
[result/6500/index.html]
[result/6510/index.html]
[result/6498/index.html]
[blog/ever-bloom-update/index.html]
[blog/2009-schedule/index.html]
[tournament/10-04-2008/6120/index.html]
[tournament/08-30-2008/828/index.html]
[tournament/08-16-2008/827/index.html]
[frontpage/index15.html]
[frontpage/index11-2.html]
[frontpage/index11-3.html]
[frontpage/index7-4.html]
[frontpage/index7-5.html]
[result/6485/index.html]
[result/6482/index.html]
[result/6481/index.html]
[result/6472/index.html]
[result/6479/index.html]
[result/6483/index.html]
[result/6477/index.html]
[result/6480/index.html]
[result/6489/index.html]
[result/6486/index.html]
[result/6471/index.html]
[result/6474/index.html]
[result/6473/index.html]
[result/6476/index.html]
[result/6478/index.html]
[result/6487/index.html]
[result/6475/index.html]
[result/6488/index.html]
[result/6484/index.html]
[result/6490/index.html]
[result/6467/index.html]
[result/6448/index.html]
[result/6462/index.html]
[result/6452/index.html]
[result/6442/index.html]
[result/6460/index.html]
[result/6449/index.html]
[result/6458/index.html]
[result/6456/index.html]
[result/6443/index.html]
[result/6444/index.html]
[result/6463/index.html]
[result/6445/index.html]
[result/6464/index.html]
[result/6447/index.html]
[result/6466/index.html]
[result/6450/index.html]
[result/6451/index.html]
[result/6454/index.html]
[result/6455/index.html]
[result/6457/index.html]
[result/6459/index.html]
[result/6396/index.html]
[result/6426/index.html]
[result/6433/index.html]
[result/6417/index.html]
[result/6431/index.html]
[result/6407/index.html]
[result/6419/index.html]
[result/6404/index.html]
[result/6409/index.html]
[result/6421/index.html]
[result/6386/index.html]
[result/6424/index.html]
[result/6388/index.html]
[result/6390/index.html]
[result/6429/index.html]
[result/6392/index.html]
[result/6394/index.html]
[result/6398/index.html]
[result/6402/index.html]
[result/6411/index.html]
[result/6415/index.html]
[result/6382/index.html]
[result/6355/index.html]
[result/6370/index.html]
[result/6343/index.html]
[result/6340/index.html]
[result/6358/index.html]
[result/6349/index.html]
[result/6346/index.html]
[result/6364/index.html]
[result/6376/index.html]
[result/6373/index.html]
[result/6361/index.html]
[result/6379/index.html]
[result/6352/index.html]
[result/6367/index.html]
[tournament/07-26-2008/826/index.html]
[tournament/06-28-2008/825/index.html]
[tournament/05-24-2008/824/index.html]
[tournament/05-10-2008/823/index.html]
[tournament/04-26-2008/822/index.html]
[frontpage/index16.html]
[frontpage/index12-2.html]
[frontpage/index12-3.html]
[frontpage/index8-4.html]
[frontpage/index8-5.html]
[tournament/05-26-2007/503/index.html]
[tournament/06-16-2007/504/index.html]
[tournament/06-30-2007/505/index.html]
[tournament/08-25-2007/507/index.html]
[tournament/09-22-2007/508/index.html]
[result/617/index.html]
[result/623/index.html]
[result/627/index.html]
[result/630/index.html]
[result/625/index.html]
[result/634/index.html]
[result/633/index.html]
[result/636/index.html]
[result/626/index.html]
[result/614/index.html]
[result/632/index.html]
[result/618/index.html]
[result/631/index.html]
[result/616/index.html]
[result/619/index.html]
[result/620/index.html]
[result/621/index.html]
[result/622/index.html]
[result/624/index.html]
[result/628/index.html]
[result/629/index.html]
[fisherman/mike-schilkofski/index.html]
[fisherman/larry-andris/index.html]
[fisherman/guido-didonato/index.html]
[fisherman/james-hurt/index.html]
[fisherman/jenifer-nelson/index.html]
[frontpage/index25-2.html]
[frontpage/index25-3.html]
[result/657/index.html]
[fisherman/mark-wagner/index.html]
[fisherman/tom-lindsey/index.html]
[result/656/index.html]
[fisherman/aaron-geheber/index.html]
[result/655/index.html]
[fisherman/ralph-casthellnao/index.html]
[result/654/index.html]
[result/653/index.html]
[fisherman/bryan-estes/index.html]
[frontpage/index17.html]
[frontpage/index18-2.html]
[frontpage/index18-3.html]
[result/652/index.html]
[result/651/index.html]
[fisherman/rodney-hagar/index.html]
[result/650/index.html]
[result/649/index.html]
[result/648/index.html]
[frontpage/index19-2.html]
[frontpage/index19-3.html]
[result/647/index.html]
[result/646/index.html]
[result/645/index.html]
[fisherman/scott-anderson/index.html]
[fisherman/tim-fauth/index.html]
[result/644/index.html]
[fisherman/domenic-theison/index.html]
[fisherman/tom-cassel/index.html]
[result/643/index.html]
[fisherman/david-hunt/index.html]
[frontpage/index20-2.html]
[frontpage/index20-3.html]
[result/642/index.html]
[fisherman/aj-menssen/index.html]
[fisherman/jack-menssen/index.html]
[result/641/index.html]
[fisherman/junior-nottenkamper/index.html]
[fisherman/larry-reece/index.html]
[result/640/index.html]
[result/639/index.html]
[fisherman/dennis-koss/index.html]
[result/637/index.html]
[frontpage/index21-2.html]
[frontpage/index21-3.html]
[fisherman/aaron-davitt/index.html]
[fisherman/brandon-orr/index.html]
[fisherman/josh-peters/index.html]
[fisherman/randy-schutz/index.html]
[fisherman/andy-spanier/index.html]
[fisherman/manuel-marquez/index.html]
[frontpage/index22-2.html]
[frontpage/index22-3.html]
[frontpage/index23-2.html]
[frontpage/index23-3.html]
[fisherman/brian-mcdaniel/index.html]
[frontpage/index24-2.html]
[frontpage/index24-3.html]
[frontpage/index26-4.html]
[frontpage/index26-5.html]
[standings/2014/index-4.html]
[standings/2014/index-5.html]
[standings/2013/index-4.html]
[standings/2013/index-5.html]
[standings/2012/index-4.html]
[standings/2012/index-5.html]
[standings/2011/index-4.html]
[standings/2011/index-5.html]
[standings/2010/index-4.html]
[standings/2010/index-5.html]
[tournament/09-18-2010/6586/index.html]
[standings/2009/index-4.html]
[standings/2009/index-5.html]
[standings/2008/index-4.html]
[standings/2008/index-5.html]
[standings/2007/index-4.html]
[standings/2007/index-5.html]
[tournament/07-21-2007/506/index.html]
[standings/2006/index-4.html]
[standings/2006/index-5.html]
[tournament/04-29-2006/223/index.html]
[tournament/05-13-2006/224/index.html]
[tournament/05-27-2006/225/index.html]
[tournament/06-03-2006/226/index.html]
[tournament/06-24-2006/227/index.html]
[tournament/07-22-2006/228/index.html]
[tournament/08-19-2006/229/index.html]
[tournament/10-30-2006/482/index.html]
[results/team/2014/7438/index.html]
[results/team/2014/7410/index.html]
[results/team/2014/7436/index.html]
[results/team/2014/7414/index.html]
[results/team/2014/7400/index.html]
[results/team/2014/7442/index.html]
[results/team/2014/7412/index.html]
[results/team/2014/7469/index.html]
[results/team/2014/7431/index.html]
[results/team/2014/7429/index.html]
[results/team/2014/7440/index.html]
[results/team/2014/7421/index.html]
[results/team/2014/7444/index.html]
[results/team/2014/7423/index.html]
[results/team/2014/7427/index.html]
[results/team/2014/7404/index.html]
[results/team/2014/7401/index.html]
[results/team/2014/7408/index.html]
[results/team/2014/7446/index.html]
[results/team/2014/7406/index.html]
[results/team/2014/7475/index.html]
[results/team/2014/7425/index.html]
[results/team/2014/7416/index.html]
[results/team/2014/7418/index.html]
[results/team/2014/7433/index.html]
[results/team/2013/7204/index.html]
[results/team/2013/7140/index.html]
[results/team/2013/7131/index.html]
[results/team/2013/7120/index.html]
[results/team/2013/7124/index.html]
[results/team/2013/7139/index.html]
[results/team/2013/7136/index.html]
[results/team/2013/7129/index.html]
[results/team/2013/7125/index.html]
[results/team/2013/7142/index.html]
[results/team/2013/7260/index.html]
[results/team/2013/7134/index.html]
[results/team/2013/7132/index.html]
[results/team/2013/7126/index.html]
[results/team/2013/7141/index.html]
[results/team/2013/7135/index.html]
[results/team/2013/7127/index.html]
[results/team/2013/7137/index.html]
[results/team/2013/7123/index.html]
[results/team/2013/7121/index.html]
[results/team/2013/7130/index.html]
[results/team/2013/7143/index.html]
[results/team/2013/7261/index.html]
[results/team/2013/7233/index.html]
[results/team/2013/7144/index.html]
[results/team/2013/7133/index.html]
[results/team/2013/7138/index.html]
[results/team/2013/7122/index.html]
[results/team/2013/7128/index.html]
[results/team/2012/7007/index.html]
[results/team/2012/6877/index.html]
[results/team/2012/6882/index.html]
[results/team/2012/6859/index.html]
[results/team/2012/7053/index.html]
[results/team/2012/6876/index.html]
[results/team/2012/6954/index.html]
[results/team/2012/6872/index.html]
[results/team/2012/6923/index.html]
[results/team/2012/6870/index.html]
[results/team/2012/6862/index.html]
[results/team/2012/6922/index.html]
[results/team/2012/6864/index.html]
[results/team/2012/6869/index.html]
[results/team/2012/6863/index.html]
[results/team/2012/6883/index.html]
[results/team/2012/6878/index.html]
[results/team/2012/6875/index.html]
[results/team/2012/6953/index.html]
[results/team/2012/6880/index.html]
[results/team/2012/6873/index.html]
[results/team/2012/6879/index.html]
[results/team/2012/6881/index.html]
[results/team/2012/6866/index.html]
[results/team/2012/6871/index.html]
[results/team/2012/6955/index.html]
[results/team/2012/6867/index.html]
[results/team/2012/6868/index.html]
[results/team/2012/6860/index.html]
[results/team/2012/6861/index.html]
[results/team/2012/6865/index.html]
[results/team/2012/6874/index.html]
[results/team/2011/6825/index.html]
[results/team/2011/6621/index.html]
[results/team/2011/6623/index.html]
[results/team/2011/6733/index.html]
[results/team/2011/6610/index.html]
[results/team/2011/6624/index.html]
[results/team/2011/6635/index.html]
[results/team/2011/6611/index.html]
[results/team/2011/6634/index.html]
[results/team/2011/6633/index.html]
[results/team/2011/6613/index.html]
[results/team/2011/6636/index.html]
[results/team/2011/6626/index.html]
[results/team/2011/6628/index.html]
[results/team/2011/6630/index.html]
[results/team/2011/6618/index.html]
[results/team/2011/6826/index.html]
[results/team/2011/6622/index.html]
[results/team/2011/6620/index.html]
[results/team/2011/6642/index.html]
[results/team/2011/6627/index.html]
[results/team/2011/6625/index.html]
[results/team/2011/6773/index.html]
[results/team/2011/6679/index.html]
[results/team/2011/6678/index.html]
[results/team/2011/6640/index.html]
[results/team/2011/6643/index.html]
[results/team/2011/6639/index.html]
[results/team/2011/6612/index.html]
[results/team/2010/6440/index.html]
[results/team/2010/6391/index.html]
[results/team/2010/6385/index.html]
[results/team/2010/6389/index.html]
[results/team/2010/6418/index.html]
[results/team/2010/6405/index.html]
[results/team/2010/6430/index.html]
[results/team/2010/6437/index.html]
[results/team/2010/6387/index.html]
[results/team/2010/6432/index.html]
[results/team/2010/6438/index.html]
[results/team/2010/6441/index.html]
[results/team/2010/6403/index.html]
[results/team/2010/6401/index.html]
[results/team/2010/6423/index.html]
[results/team/2010/6408/index.html]
[results/team/2010/6397/index.html]
[results/team/2010/6395/index.html]
[results/team/2010/6412/index.html]
[results/team/2010/6529/index.html]
[results/team/2010/6416/index.html]
[results/team/2010/6470/index.html]
[results/team/2010/6420/index.html]
[results/team/2010/6410/index.html]
[results/team/2010/6528/index.html]
[results/team/2010/6425/index.html]
[results/team/2010/6393/index.html]
[results/team/2009/6162/index.html]
[results/team/2009/6331/index.html]
[results/team/2009/6167/index.html]
[results/team/2009/6178/index.html]
[results/team/2009/6159/index.html]
[results/team/2009/6151/index.html]
[results/team/2009/6182/index.html]
[results/team/2009/6164/index.html]
[results/team/2009/6155/index.html]
[results/team/2009/6186/index.html]
[results/team/2009/6157/index.html]
[results/team/2009/6195/index.html]
[results/team/2009/6280/index.html]
[results/team/2009/6330/index.html]
[results/team/2009/6171/index.html]
[results/team/2009/6169/index.html]
[results/team/2009/6176/index.html]
[results/team/2009/6189/index.html]
[results/team/2009/6184/index.html]
[results/team/2009/6197/index.html]
[results/team/2009/6277/index.html]
[results/team/2009/6297/index.html]
[results/team/2009/6173/index.html]
[results/team/2009/6332/index.html]
[results/team/2009/6196/index.html]
[results/team/2009/6180/index.html]
[results/team/2008/5880/index.html]
[results/team/2008/5870/index.html]
[results/team/2008/5873/index.html]
[results/team/2008/5862/index.html]
[results/team/2008/5874/index.html]
[results/team/2008/5878/index.html]
[results/team/2008/5875/index.html]
[results/team/2008/5872/index.html]
[results/team/2008/5921/index.html]
[results/team/2008/5871/index.html]
[results/team/2008/6014/index.html]
[results/team/2008/5876/index.html]
[results/team/2008/5881/index.html]
[results/team/2008/6012/index.html]
[results/team/2008/5863/index.html]
[results/team/2008/5877/index.html]
[results/team/2008/5970/index.html]
[results/team/2008/5884/index.html]
[results/team/2008/5961/index.html]
[results/team/2008/5865/index.html]
[results/team/2008/5885/index.html]
[results/team/2008/5886/index.html]
[results/team/2008/5879/index.html]
[results/team/2008/6013/index.html]
[results/team/2008/5964/index.html]
[results/team/2008/5869/index.html]
[results/team/2008/5866/index.html]
[results/team/2008/5864/index.html]
[results/team/2008/5882/index.html]
[results/team/2008/5867/index.html]
[results/team/2008/5883/index.html]
[results/team/2007/609/index.html]
[results/team/2007/592/index.html]
[results/team/2007/599/index.html]
[results/team/2007/585/index.html]
[results/team/2007/692/index.html]
[results/team/2007/600/index.html]
[results/team/2007/610/index.html]
[results/team/2007/594/index.html]
[results/team/2007/595/index.html]
[results/team/2007/674/index.html]
[results/team/2007/588/index.html]
[results/team/2007/718/index.html]
[results/team/2007/602/index.html]
[results/team/2007/590/index.html]
[results/team/2007/603/index.html]
[results/team/2007/586/index.html]
[results/team/2007/667/index.html]
[results/team/2007/598/index.html]
[results/team/2007/577/index.html]
[results/team/2007/612/index.html]
[results/team/2007/613/index.html]
[results/team/2007/581/index.html]
[results/team/2007/695/index.html]
[results/team/2007/578/index.html]
[results/team/2007/591/index.html]
[results/team/2007/604/index.html]
[results/team/2007/593/index.html]
[results/team/2007/580/index.html]
[results/team/2007/597/index.html]
[results/team/2006/249/index.html]
[results/team/2006/259/index.html]
[results/team/2006/263/index.html]
[results/team/2006/264/index.html]
[results/team/2006/250/index.html]
[results/team/2006/247/index.html]
[results/team/2006/268/index.html]
[results/team/2006/267/index.html]
[results/team/2006/269/index.html]
[results/team/2006/321/index.html]
[results/team/2006/265/index.html]
[results/team/2006/258/index.html]
[results/team/2006/260/index.html]
[results/team/2006/251/index.html]
[results/team/2006/252/index.html]
[results/team/2006/257/index.html]
[results/team/2006/323/index.html]
[results/team/2006/261/index.html]
[results/team/2006/266/index.html]
[results/team/2006/256/index.html]
[results/team/2006/255/index.html]
[results/team/2006/294/index.html]
[results/team/2006/295/index.html]
[results/team/2006/253/index.html]
[results/team/2006/248/index.html]
[results/team/2006/297/index.html]
[results/team/2006/391/index.html]
[results/team/2006/421/index.html]
[results/team/2006/364/index.html]
[results/team/2006/270/index.html]
[results/team/2006/344/index.html]
[result/6604/index.html]
[result/6599/index.html]
[result/6602/index.html]
[result/6601/index.html]
[result/6594/index.html]
[result/6597/index.html]
[result/6591/index.html]
[result/6596/index.html]
[result/6600/index.html]
[result/6606/index.html]
[result/6607/index.html]
[result/6603/index.html]
[result/6590/index.html]
[result/6605/index.html]
[result/6598/index.html]
[result/6156/index.html]
[result/6175/index.html]
[result/6183/index.html]
[result/6181/index.html]
[result/6172/index.html]
[result/6190/index.html]
[result/6154/index.html]
[result/6158/index.html]
[result/6161/index.html]
[result/6163/index.html]
[result/6166/index.html]
[result/6168/index.html]
[result/6170/index.html]
[result/6177/index.html]
[result/6179/index.html]
[result/6185/index.html]
[result/6188/index.html]
[result/6213/index.html]
[result/6210/index.html]
[result/6207/index.html]
[result/6203/index.html]
[result/6201/index.html]
[result/6202/index.html]
[result/6192/index.html]
[result/6212/index.html]
[result/6214/index.html]
[result/6199/index.html]
[result/6215/index.html]
[result/6200/index.html]
[result/6204/index.html]
[result/6205/index.html]
[result/6206/index.html]
[result/6208/index.html]
[result/6209/index.html]
[result/6211/index.html]
[result/6229/index.html]
[result/6230/index.html]
[result/6225/index.html]
[result/6226/index.html]
[result/6222/index.html]
[result/6224/index.html]
[result/6216/index.html]
[result/6223/index.html]
[result/6218/index.html]
[result/6219/index.html]
[result/6217/index.html]
[result/6231/index.html]
[result/6227/index.html]
[result/6220/index.html]
[result/6221/index.html]
[result/6228/index.html]
[result/6242/index.html]
[result/6248/index.html]
[result/6240/index.html]
[result/6234/index.html]
[result/6239/index.html]
[result/6238/index.html]
[result/6236/index.html]
[result/6246/index.html]
[result/6243/index.html]
[result/6235/index.html]
[result/6247/index.html]
[result/6245/index.html]
[result/6232/index.html]
[result/6233/index.html]
[result/6237/index.html]
[result/6241/index.html]
[result/6244/index.html]
[result/6251/index.html]
[result/6258/index.html]
[result/6259/index.html]
[result/6249/index.html]
[result/6256/index.html]
[result/6254/index.html]
[result/6257/index.html]
[result/6252/index.html]
[result/6261/index.html]
[result/6253/index.html]
[result/6260/index.html]
[result/6262/index.html]
[result/6250/index.html]
[result/6255/index.html]
[result/6263/index.html]
[result/6285/index.html]
[result/6264/index.html]
[result/6266/index.html]
[result/6267/index.html]
[result/6268/index.html]
[result/6274/index.html]
[result/6284/index.html]
[result/6273/index.html]
[result/6282/index.html]
[result/6265/index.html]
[result/6271/index.html]
[result/6276/index.html]
[result/6269/index.html]
[result/6275/index.html]
[result/6281/index.html]
[result/6270/index.html]
[result/6279/index.html]
[result/6272/index.html]
[result/6283/index.html]
[result/6294/index.html]
[result/6293/index.html]
[result/6292/index.html]
[result/6296/index.html]
[result/6290/index.html]
[result/6302/index.html]
[result/6295/index.html]
[result/6287/index.html]
[result/6291/index.html]
[result/6303/index.html]
[result/6298/index.html]
[result/6299/index.html]
[result/6305/index.html]
[result/6300/index.html]
[result/6304/index.html]
[result/6288/index.html]
[result/6289/index.html]
[result/6301/index.html]
[result/6307/index.html]
[result/6312/index.html]
[result/6309/index.html]
[result/6323/index.html]
[result/6313/index.html]
[result/6308/index.html]
[result/6317/index.html]
[result/6333/index.html]
[result/6319/index.html]
[result/6314/index.html]
[result/6322/index.html]
[result/6316/index.html]
[result/6310/index.html]
[result/6334/index.html]
[result/6335/index.html]
[result/6311/index.html]
[result/6315/index.html]
[result/6318/index.html]
[result/6320/index.html]
[result/6321/index.html]
[result/5895/index.html]
[result/5910/index.html]
[result/5891/index.html]
[result/5893/index.html]
[result/5904/index.html]
[result/5899/index.html]
[result/5907/index.html]
[result/5887/index.html]
[result/5906/index.html]
[result/5889/index.html]
[result/5905/index.html]
[result/5903/index.html]
[result/5888/index.html]
[result/5890/index.html]
[result/5892/index.html]
[result/5908/index.html]
[result/5894/index.html]
[result/5896/index.html]
[result/5897/index.html]
[result/5898/index.html]
[result/5900/index.html]
[result/5901/index.html]
[result/5902/index.html]
[result/5932/index.html]
[result/5931/index.html]
[result/5913/index.html]
[result/5930/index.html]
[result/5929/index.html]
[result/5911/index.html]
[result/5928/index.html]
[result/5912/index.html]
[result/5914/index.html]
[result/5917/index.html]
[result/5926/index.html]
[result/5933/index.html]
[result/5927/index.html]
[result/5934/index.html]
[result/5918/index.html]
[result/5915/index.html]
[result/5916/index.html]
[result/5919/index.html]
[result/5920/index.html]
[result/5924/index.html]
[result/5925/index.html]
[result/5946/index.html]
[result/5963/index.html]
[result/5965/index.html]
[result/5950/index.html]
[result/5972/index.html]
[result/5945/index.html]
[result/5956/index.html]
[result/5944/index.html]
[result/5947/index.html]
[result/5952/index.html]
[result/5948/index.html]
[result/5940/index.html]
[result/5941/index.html]
[result/5953/index.html]
[result/5939/index.html]
[result/5955/index.html]
[result/5962/index.html]
[result/5942/index.html]
[result/5943/index.html]
[result/5971/index.html]
[result/5973/index.html]
[result/5974/index.html]
[result/5949/index.html]
[result/5951/index.html]
[result/5954/index.html]
[result/5993/index.html]
[result/5977/index.html]
[result/5988/index.html]
[result/5989/index.html]
[result/5982/index.html]
[result/5980/index.html]
[result/5985/index.html]
[result/5979/index.html]
[result/5983/index.html]
[result/5987/index.html]
[result/5996/index.html]
[result/5992/index.html]
[result/5986/index.html]
[result/5994/index.html]
[result/5991/index.html]
[result/5984/index.html]
[result/5975/index.html]
[result/5976/index.html]
[result/5978/index.html]
[result/5995/index.html]
[result/5981/index.html]
[result/5990/index.html]
[result/6027/index.html]
[result/6038/index.html]
[result/6021/index.html]
[result/6022/index.html]
[result/6019/index.html]
[result/6015/index.html]
[result/6018/index.html]
[result/6025/index.html]
[result/6017/index.html]
[result/6037/index.html]
[result/6024/index.html]
[result/6026/index.html]
[result/6030/index.html]
[result/6028/index.html]
[result/6020/index.html]
[result/6016/index.html]
[result/6033/index.html]
[result/6035/index.html]
[result/6034/index.html]
[result/6036/index.html]
[result/6039/index.html]
[result/6040/index.html]
[result/6023/index.html]
[result/6029/index.html]
[result/6045/index.html]
[result/6050/index.html]
[result/6061/index.html]
[result/6047/index.html]
[result/6052/index.html]
[result/6046/index.html]
[result/6060/index.html]
[result/6043/index.html]
[result/6057/index.html]
[result/6049/index.html]
[result/6041/index.html]
[result/6058/index.html]
[result/6042/index.html]
[result/6059/index.html]
[result/6044/index.html]
[result/6048/index.html]
[result/6051/index.html]
[result/6053/index.html]
[result/6054/index.html]
[result/6055/index.html]
[result/6056/index.html]
[result/6080/index.html]
[result/6069/index.html]
[result/6063/index.html]
[result/6065/index.html]
[result/6072/index.html]
[result/6076/index.html]
[result/6082/index.html]
[result/6081/index.html]
[result/6062/index.html]
[result/6071/index.html]
[result/6078/index.html]
[result/6070/index.html]
[result/6075/index.html]
[result/6077/index.html]
[result/6068/index.html]
[result/6064/index.html]
[result/6066/index.html]
[result/6079/index.html]
[result/6067/index.html]
[result/6073/index.html]
[result/6074/index.html]
[result/6132/index.html]
[result/6129/index.html]
[result/6135/index.html]
[result/6121/index.html]
[result/6128/index.html]
[result/6133/index.html]
[result/6137/index.html]
[result/6131/index.html]
[result/6134/index.html]
[result/6123/index.html]
[result/6125/index.html]
[result/6126/index.html]
[result/6138/index.html]
[result/6124/index.html]
[result/6127/index.html]
[result/6136/index.html]
[result/6122/index.html]
[result/6130/index.html]
[result/658/index.html]
[result/659/index.html]
[result/677/index.html]
[result/683/index.html]
[result/680/index.html]
[result/681/index.html]
[result/679/index.html]
[result/682/index.html]
[result/686/index.html]
[result/676/index.html]
[result/662/index.html]
[result/664/index.html]
[result/678/index.html]
[result/665/index.html]
[result/668/index.html]
[result/672/index.html]
[result/688/index.html]
[result/670/index.html]
[result/660/index.html]
[result/669/index.html]
[result/675/index.html]
[result/687/index.html]
[result/684/index.html]
[result/685/index.html]
[result/697/index.html]
[result/709/index.html]
[result/714/index.html]
[result/705/index.html]
[result/710/index.html]
[result/698/index.html]
[result/701/index.html]
[result/707/index.html]
[result/703/index.html]
[result/720/index.html]
[result/696/index.html]
[result/711/index.html]
[result/713/index.html]
[result/715/index.html]
[result/699/index.html]
[result/716/index.html]
[result/700/index.html]
[result/719/index.html]
[result/702/index.html]
[result/704/index.html]
[result/708/index.html]
[result/712/index.html]
[result/724/index.html]
[result/739/index.html]
[result/741/index.html]
[result/733/index.html]
[result/731/index.html]
[result/732/index.html]
[result/737/index.html]
[result/734/index.html]
[result/738/index.html]
[result/721/index.html]
[result/736/index.html]
[result/728/index.html]
[result/727/index.html]
[result/729/index.html]
[result/726/index.html]
[result/742/index.html]
[result/730/index.html]
[result/723/index.html]
[result/725/index.html]
[result/743/index.html]
[result/744/index.html]
[result/760/index.html]
[result/752/index.html]
[result/761/index.html]
[result/750/index.html]
[result/745/index.html]
[result/757/index.html]
[result/753/index.html]
[result/748/index.html]
[result/747/index.html]
[result/746/index.html]
[result/755/index.html]
[result/759/index.html]
[result/754/index.html]
[result/749/index.html]
[result/751/index.html]
[result/756/index.html]
[result/758/index.html]
[result/815/index.html]
[result/805/index.html]
[result/821/index.html]
[result/811/index.html]
[result/814/index.html]
[result/816/index.html]
[result/806/index.html]
[result/804/index.html]
[result/817/index.html]
[result/808/index.html]
[result/820/index.html]
[result/810/index.html]
[result/813/index.html]
[result/809/index.html]
[result/818/index.html]
[result/819/index.html]
[result/803/index.html]
[result/812/index.html]
[result/807/index.html]
[result/282/index.html]
[result/280/index.html]
[result/275/index.html]
[result/287/index.html]
[result/273/index.html]
[result/289/index.html]
[result/278/index.html]
[result/292/index.html]
[result/298/index.html]
[result/285/index.html]
[result/274/index.html]
[result/272/index.html]
[result/288/index.html]
[result/290/index.html]
[result/291/index.html]
[result/276/index.html]
[result/277/index.html]
[result/299/index.html]
[result/279/index.html]
[result/300/index.html]
[result/281/index.html]
[result/283/index.html]
[result/284/index.html]
[result/286/index.html]
[result/309/index.html]
[result/302/index.html]
[result/310/index.html]
[result/313/index.html]
[result/306/index.html]
[result/316/index.html]
[result/305/index.html]
[result/319/index.html]
[result/317/index.html]
[result/325/index.html]
[result/314/index.html]
[result/324/index.html]
[result/308/index.html]
[result/307/index.html]
[result/312/index.html]
[result/318/index.html]
[result/301/index.html]
[result/303/index.html]
[result/320/index.html]
[result/304/index.html]
[result/315/index.html]
[result/332/index.html]
[result/331/index.html]
[result/328/index.html]
[result/340/index.html]
[result/339/index.html]
[result/334/index.html]
[result/337/index.html]
[result/333/index.html]
[result/346/index.html]
[result/326/index.html]
[result/347/index.html]
[result/327/index.html]
[result/329/index.html]
[result/335/index.html]
[result/336/index.html]
[result/338/index.html]
[result/341/index.html]
[result/345/index.html]
[result/365/index.html]
[result/369/index.html]
[result/354/index.html]
[result/351/index.html]
[result/363/index.html]
[result/359/index.html]
[result/366/index.html]
[result/355/index.html]
[result/350/index.html]
[result/349/index.html]
[result/353/index.html]
[result/348/index.html]
[result/367/index.html]
[result/358/index.html]
[result/361/index.html]
[result/368/index.html]
[result/370/index.html]
[result/352/index.html]
[result/356/index.html]
[result/362/index.html]
[result/381/index.html]
[result/377/index.html]
[result/375/index.html]
[result/374/index.html]
[result/392/index.html]
[result/382/index.html]
[result/385/index.html]
[result/393/index.html]
[result/394/index.html]
[result/376/index.html]
[result/378/index.html]
[result/372/index.html]
[result/379/index.html]
[result/397/index.html]
[result/371/index.html]
[result/380/index.html]
[result/395/index.html]
[result/373/index.html]
[result/396/index.html]
[result/383/index.html]
[result/386/index.html]
[result/388/index.html]
[result/403/index.html]
[result/408/index.html]
[result/410/index.html]
[result/412/index.html]
[result/401/index.html]
[result/419/index.html]
[result/409/index.html]
[result/417/index.html]
[result/405/index.html]
[result/407/index.html]
[result/416/index.html]
[result/402/index.html]
[result/420/index.html]
[result/404/index.html]
[result/415/index.html]
[result/418/index.html]
[result/422/index.html]
[result/411/index.html]
[result/413/index.html]
[result/414/index.html]
[result/424/index.html]
[result/435/index.html]
[result/431/index.html]
[result/436/index.html]
[result/429/index.html]
[result/432/index.html]
[result/437/index.html]
[result/433/index.html]
[result/425/index.html]
[result/430/index.html]
[result/440/index.html]
[result/423/index.html]
[result/441/index.html]
[result/426/index.html]
[result/427/index.html]
[result/428/index.html]
[result/438/index.html]
[result/439/index.html]
[result/487/index.html]
[result/496/index.html]
[result/485/index.html]
[result/484/index.html]
[result/488/index.html]
[result/492/index.html]
[result/489/index.html]
[result/483/index.html]
[result/497/index.html]
[result/495/index.html]
[result/494/index.html]
[result/499/index.html]
[result/490/index.html]
[result/498/index.html]
[result/500/index.html]
[result/486/index.html]
[result/491/index.html]
[result/493/index.html]
[fisherman/shawn-kobel/index.html]
[fisherman/chris-kobel/index.html]
[fisherman/luke-wiechman/index.html]
[fisherman/eric-baker/index.html]
[fisherman/jason-sharrow/index.html]
[fisherman/ryan-graczyk/index.html]
[fisherman/scott-graczyk/index.html]
[fisherman/dave-blume/index.html]
[fisherman/marvin-cook/index.html]
[fisherman/kale-grunloh/index.html]
[fisherman/jim-crowley/index.html]
[fisherman/bob-hermes/index.html]
[fisherman/scott-punke/index.html]
[fisherman/raymond-moushon/index.html]
[fisherman/jim-bagnell/index.html]
[fisherman/ron-wilsey/index.html]
[fisherman/craig-mowery/index.html]
[fisherman/jason-summers/index.html]
[fisherman/bob-bischoff/index.html]
[fisherman/mike-wiechman/index.html]
[fisherman/brayden-mcdaniel/index.html]
[fisherman/chris-schweigert/index.html]
[fisherman/david-james/index.html]
[fisherman/drew-packman/index.html]
[fisherman/derek-barlow/index.html]
[fisherman/mike-mugler/index.html]
[fisherman/shayne-bagby/index.html]
[fisherman/ken-colmone/index.html]
[fisherman/justin-woith/index.html]
[fisherman/john-warmbir/index.html]
[fisherman/john-devine/index.html]
[fisherman/mitch-holmgren/index.html]
[fisherman/chuck-while/index.html]
[fisherman/mike-carter/index.html]
[fisherman/jacob-fairchild/index.html]
[blog/new-sponsor/index.html]
[blog/2008-schedule/index.html]
[frontpage/index13-2.html]
[frontpage/index13-3.html]
[frontpage/index9-4.html]
[frontpage/index9-5.html]
[fisherman/steve-schweigert/index.html]
[fisherman/steve-park/index.html]
[fisherman/mark-milliman/index.html]
[fisherman/david-milliman/index.html]
[fisherman/larry-williams/index.html]
[fisherman/dennis-van-note/index.html]
[fisherman/tony-niebur/index.html]
[fisherman/joe-schnieder/index.html]
[mc/compose/index.html]
[blog/2007-update/index.html]
[frontpage/index14-2.html]
[frontpage/index14-3.html]
[frontpage/index10-4.html]
[frontpage/index10-5.html]
[fisherman/john-hodge/index.html]
[fisherman/bob-evans/index.html]
[fisherman/mike-carr/index.html]
[fisherman/caleb-post/index.html]
[fisherman/henry-allan/index.html]
[blog/tentative-2007-calendar/index.html]
[sites/default/files/js/js_VaTlC5jNdxR2e4HzWsuiV1jhDftON6pzITcrr9IQmXA/index.js]
[blog/date-change-classic/index.html]
[frontpage/index15-2.html]
[frontpage/index15-3.html]
[modules/file/icons/x-office-document/index.png]
[frontpage/index11-4.html]
[frontpage/index11-5.html]
[fisherman/ryan-petersen/index.html]
[fisherman/jason-collins/index.html]
[fisherman/mark-flynn/index.html]
[fisherman/dennis-bierbaum/index.html]
[fisherman/andy-veslack/index.html]
[fisherman/bryan-medlin/index.html]
[fisherman/jeff-myers/index.html]
[fisherman/harry-packman/index.html]
[fisherman/bill-michel/index.html]
[frontpage/index16-2.html]
[frontpage/index16-3.html]
[frontpage/index12-4.html]
[frontpage/index12-5.html]
[frontpage/index25-4.html]
[frontpage/index25-5.html]
[tournament/10-05-2008/6083/index.html]
[tournament/09-23-2007/766/index.html]
[tournament/09-22-2007/765/index.html]
[frontpage/index17-2.html]
[frontpage/index17-3.html]
[frontpage/index18-4.html]
[frontpage/index18-5.html]
[frontpage/index19-4.html]
[frontpage/index19-5.html]
[frontpage/index20-4.html]
[frontpage/index20-5.html]
[frontpage/index21-4.html]
[frontpage/index21-5.html]
[frontpage/index22-4.html]
[frontpage/index22-5.html]
[frontpage/index23-4.html]
[frontpage/index23-5.html]
[frontpage/index24-4.html]
[frontpage/index24-5.html]
[fisherman/eric-varner/index.html]
[fisherman/bill-frank/index.html]
[fisherman/andy-milliman/index.html]
[fisherman/jeff-milliman/index.html]
[fisherman/john-theison/index.html]
[fisherman/marc-schweigert/index.html]
[fisherman/mike-kolves/index.html]
[fisherman/john-anderson/index.html]
[fisherman/darwin-wilson/index.html]
[fisherman/roger-rider/index.html]
[fisherman/don-seiler/index.html]
[fisherman/jim-maisenbacher/index.html]
[fisherman/david-gerig/index.html]
[fisherman/jeff-burns/index.html]
[fisherman/chris-marquardt/index.html]
[fisherman/bobby-hardman/index.html]
[fisherman/dee-dee-kumpf/index.html]
[fisherman/kevin-patton/index.html]
[fisherman/john-carlson/index.html]
[fisherman/mike-norris/index.html]
[fisherman/larry-burningham/index.html]
[fisherman/todd-crandall/index.html]
[fisherman/andrew-remelius/index.html]
[fisherman/steven-mccown/index.html]
[fisherman/jeff-pfleager/index.html]
[fisherman/judy-mcmahon/index.html]
[fisherman/michael-hunt/index.html]
[fisherman/david-fritts/index.html]
[fisherman/jeff-hensen/index.html]
[fisherman/alex-velez/index.html]
[fisherman/erik-poulsen/index.html]
[fisherman/matt-bolettieri/index.html]
[fisherman/austin-anderson/index.html]
[fisherman/rick-johnson/index.html]
[fisherman/jason-estes/index.html]
[fisherman/tom-anderson-jr/index.html]
[fisherman/nick-cira/index.html]
[fisherman/ron-hopper/index.html]
[fisherman/mason-wright/index.html]
[fisherman/robert-connelly/index.html]
[fisherman/dale-hawksworth/index.html]
[fisherman/larry-dozard/index.html]
[fisherman/ron-bristow/index.html]
[fisherman/john-gonzales/index.html]
[fisherman/jim-sherman/index.html]
[fisherman/matt-barnard/index.html]
[fisherman/bill-mitchell/index.html]
[fisherman/jim-krider/index.html]
[fisherman/tom-kauffman/index.html]
[fisherman/bryan-taylor/index.html]
[fisherman/rob-probst/index.html]
[fisherman/scott-polhemus/index.html]
[fisherman/scott-richardson/index.html]
[frontpage/index13-4.html]
[frontpage/index13-5.html]
[frontpage/index14-4.html]
[frontpage/index14-5.html]
[sites/default/files/files/entryform_2007/index.html]
[frontpage/index15-4.html]
[frontpage/index15-5.html]
[frontpage/index16-4.html]
[frontpage/index16-5.html]
[frontpage/index17-4.html]
[frontpage/index17-5.html]
[home/results/views/2006-05-13/index.html]
