[backblue.gif]
[fade.gif]
[index.html]
[sites/default/files/blocks/entryform_2014index[page].pdf]
[indexindex[page].html]
[rssindex[page].xml]
[sites/default/files/js/js_xAPl0qIk9eowy_iS9tNkCWXLUVoat94SQT48UBCFkyQindex[page].js]
[sites/default/files/js/js_2sx5BUd_NvU8HZy4HUYXYrQJL4VlEMMt3GAtZr8CUKAindex[page].js]
[sites/default/files/Zoomindex[page].gif]
[sites/default/files/css/css_pbm0lsQQJ7A7WCCIMgxLho6mI_kBNgznNUWmTWcnfoEindex[page].css]
[sites/default/files/css/css_ciIC6Y2alVNjyYsWsNREnYKDEw1vM_iXz5IZxNVMcjAindex[page].css]
[sites/default/files/css/css_WIs-eSNciKfOZGgSV9YxnYqgQAeicLZSeqdAt8JGfvAindex[page].css]
[sites/default/files/css/css_fF73_Jl4fAicPrnH8BVMiVeJV-Ie1G4Kr8x5iWNP7xwindex[page].css]
[sponsorsindex[page].html]
[standingsindex[page].html]
[resultsindex[page].html]
[aboutindex[page].html]
[tournament/09-14-2013/7370index[page].html]
[tournament/08-31-2013/7343index[page].html]
[tournament/08-10-2013/7317index[page].html]
[tournament/07-27-2013/7290index[page].html]
[tournament/06-22-2013/7264index[page].html]
[tournament/06-08-2013/7235index[page].html]
[tournament/05-25-2013/7207index[page].html]
[team/7122index[page].html]
[team/7130index[page].html]
[sites/default/files/samleman_logoindex[page].gif]
[modules/file/icons/application-pdfindex[page].png]
